// Jest Snapshot v1, https://goo.gl/fbAQLP

exports[`Product page actions suite renders correctly 1`] = `
<div
  class="MuiBox-root MuiBox-root-2"
>
  <div
    class="MuiGrid-root MuiGrid-container MuiGrid-spacing-xs-2 MuiGrid-align-items-xs-center MuiGrid-justify-content-xs-space-between"
  >
    <div
      class="MuiGrid-root MuiGrid-item MuiGrid-grid-xs-6"
    >
      <button
        class="MuiButtonBase-root MuiButton-root MuiButton-text makeStyles-button-1"
        data-testid="add-to-cart-btn"
        style="background-color: rgb(255, 216, 20);"
        tabindex="0"
        type="button"
      >
        <span
          class="MuiButton-label"
        >
          <p
            class="MuiTypography-root MuiTypography-body1"
          >
            Add to Cart
          </p>
        </span>
        <span
          class="MuiTouchRipple-root"
        />
      </button>
    </div>
    <div
      class="MuiGrid-root MuiGrid-item MuiGrid-grid-xs-6"
    >
      <button
        class="MuiButtonBase-root MuiButton-root MuiButton-text makeStyles-button-1"
        data-testid="buy-now-btn"
        style="background-color: rgb(255, 164, 28);"
        tabindex="0"
        type="button"
      >
        <span
          class="MuiButton-label"
        >
          <p
            class="MuiTypography-root MuiTypography-body1"
          >
             Buy Now
          </p>
        </span>
        <span
          class="MuiTouchRipple-root"
        />
      </button>
    </div>
  </div>
</div>
`;
