// Jest Snapshot v1, https://goo.gl/fbAQLP

exports[`Main page suite matches snapshot 1`] = `
<div
  class="MuiContainer-root makeStyles-container-3"
>
  <div
    class="MuiBox-root MuiBox-root-7"
  >
    <div
      class="MuiBox-root MuiBox-root-8"
    >
      <h3
        class="MuiTypography-root makeStyles-productName-4 MuiTypography-h2"
      >
        iPhone 13 Pro
      </h3>
    </div>
    <div
      class="MuiBox-root MuiBox-root-9"
    >
      <h2
        class="MuiTypography-root makeStyles-productMoto-5 MuiTypography-h4"
      >
        Oh.So.Pro
      </h2>
    </div>
  </div>
  <div
    class="MuiBox-root MuiBox-root-10 makeStyles-imageContainer-6"
  >
    <div
      style="display: block; overflow: hidden; position: absolute; top: 0px; left: 0px; bottom: 0px; right: 0px; box-sizing: border-box; margin: 0px;"
    >
      <noscript />
      <img
        alt="iphone 13 Pro"
        decoding="async"
        src="data:image/gif;base64,R0lGODlhAQABAIAAAAAAAP///yH5BAEAAAAALAAAAAABAAEAAAIBRAA7"
        style="position: absolute; top: 0px; left: 0px; bottom: 0px; right: 0px; box-sizing: border-box; padding: 0px; margin: auto; display: block; width: 0px; height: 0px; min-width: 100%; max-width: 100%; min-height: 100%; max-height: 100%; object-fit: contain;"
      />
    </div>
  </div>
</div>
`;
